#! /usr/bin/vvp
:ivl_version "12.0 (stable)";
:ivl_delay_selection "TYPICAL";
:vpi_time_precision + 0;
:vpi_module "/usr/lib/x86_64-linux-gnu/ivl/system.vpi";
:vpi_module "/usr/lib/x86_64-linux-gnu/ivl/vhdl_sys.vpi";
:vpi_module "/usr/lib/x86_64-linux-gnu/ivl/vhdl_textio.vpi";
:vpi_module "/usr/lib/x86_64-linux-gnu/ivl/v2005_math.vpi";
:vpi_module "/usr/lib/x86_64-linux-gnu/ivl/va_math.vpi";
:vpi_module "/usr/lib/x86_64-linux-gnu/ivl/v2009.vpi";
S_0x5dde6d3a8ce0 .scope package, "$unit" "$unit" 2 1;
 .timescale 0 0;
S_0x5dde6d3a8e70 .scope module, "ha_tb" "ha_tb" 3 1;
 .timescale 0 0;
v0x5dde6d3bb340_0 .var "a", 0 0;
v0x5dde6d3bb400_0 .var "b", 0 0;
v0x5dde6d3bb4d0_0 .net "carry", 0 0, L_0x5dde6d3bb8c0;  1 drivers
v0x5dde6d3bb5d0_0 .var/i "i", 31 0;
v0x5dde6d3bb670_0 .net "sum", 0 0, L_0x5dde6d3bb760;  1 drivers
S_0x5dde6d36f490 .scope module, "uut" "ha" 3 7, 4 1 0, S_0x5dde6d3a8e70;
 .timescale 0 0;
    .port_info 0 /INPUT 1 "a";
    .port_info 1 /INPUT 1 "b";
    .port_info 2 /OUTPUT 1 "sum";
    .port_info 3 /OUTPUT 1 "carry";
L_0x5dde6d3bb760 .functor XOR 1, v0x5dde6d3bb340_0, v0x5dde6d3bb400_0, C4<0>, C4<0>;
L_0x5dde6d3bb8c0 .functor AND 1, v0x5dde6d3bb340_0, v0x5dde6d3bb400_0, C4<1>, C4<1>;
v0x5dde6d36f6e0_0 .net "a", 0 0, v0x5dde6d3bb340_0;  1 drivers
v0x5dde6d3bb040_0 .net "b", 0 0, v0x5dde6d3bb400_0;  1 drivers
v0x5dde6d3bb100_0 .net "carry", 0 0, L_0x5dde6d3bb8c0;  alias, 1 drivers
v0x5dde6d3bb1d0_0 .net "sum", 0 0, L_0x5dde6d3bb760;  alias, 1 drivers
    .scope S_0x5dde6d3a8e70;
T_0 ;
    %pushi/vec4 0, 0, 1;
    %assign/vec4 v0x5dde6d3bb340_0, 0;
    %pushi/vec4 0, 0, 1;
    %assign/vec4 v0x5dde6d3bb400_0, 0;
    %vpi_call/w 3 17 "$dumpfile", "halfadder_tb.vcd" {0 0 0};
    %vpi_call/w 3 18 "$dumpvars", 32'sb00000000000000000000000000000000, S_0x5dde6d3a8e70 {0 0 0};
    %pushi/vec4 0, 0, 32;
    %store/vec4 v0x5dde6d3bb5d0_0, 0, 32;
T_0.0 ;
    %load/vec4 v0x5dde6d3bb5d0_0;
    %cmpi/s 4, 0, 32;
    %jmp/0xz T_0.1, 5;
    %load/vec4 v0x5dde6d3bb5d0_0;
    %pad/s 2;
    %split/vec4 1;
    %store/vec4 v0x5dde6d3bb400_0, 0, 1;
    %store/vec4 v0x5dde6d3bb340_0, 0, 1;
    %delay 10, 0;
    %load/vec4 v0x5dde6d3bb5d0_0;
    %addi 1, 0, 32;
    %store/vec4 v0x5dde6d3bb5d0_0, 0, 32;
    %jmp T_0.0;
T_0.1 ;
    %end;
    .thread T_0;
# The file index is used to find the file name in the following table.
:file_names 5;
    "N/A";
    "<interactive>";
    "-";
    "halfadder_tb.v";
    "halfadder.v";
